Press enter to submit commands

> git init
	Initialized empty Git repository in /.git/

	Success!

$ git status
 

	# On branch master
	#
	# Initial commit
	#
	nothing to commit (create/copy files and use "git add" to track)

	Success!

$ git status
 

	# On branch master
	#
	# Initial commit
	#
	# Untracked files:
	#   (use "git add <file>..." to include in what will be committed)
	#
	#	octocat.txt
	nothing added to commit but untracked files present (use "git add" to track)

	Success!

$ git add octocat.txt
	 Nice job, you've added octocat.txt to the Staging Area

$ git status
 

	# On branch master
	#
	# Initial commit
	#
	# Changes to be committed:
	#   (use "git rm --cached <file>..." to unstage)
	#
	#	new file:   octocat.txt
	#

	Success!

$ git commit -m "add cute octocat story"
 

	[master (root-commit) a8c5938] add cute octocat story
 	1 file changed, 1 insertion(+)
 	create mode 100644 octocat.txt

	Success!

$ git add '*.txt'
 



	Success!

$ git commit -m 'add all the octocat txt files'
 

	[master ebd81f1] add all the octocat txt files
	 4 files changed, 4 insertions(+)
	 create mode 100644 blue_octocat.txt
 	create mode 100644 octofamily/baby_octocat.txt
 	create mode 100644 octofamily/momma_octocat.txt
 	create mode 100644 red_octocat.txt

	Success!

$ git log
 

	commit 3852b4db1634463d0bb4d267edb7b3f9cd02ace1
	Author: Try Git <try_git@github.com>
	Date:   Sat Oct 10 08:30:00 2020 -0500

    	Add all the octocat txt files

	commit b652edfd888cd3d5e7fcb857d0dabc5a0fcb5e28
	Author: Try Git <try_git@github.com>
	Date:   Sat Oct 10 08:30:00 2020 -0500

   	 Added cute octocat story

	Success!

$ git remote add origin https://github.com/try-git/try_try_git.git
	 Did not use the correct URL

$ git remote add origin https://github.com/try-git/try_git.git
 



	Success!

$ git push -u origin master
 

	Branch master set up to track remote branch master from origin.

	Success!

$ git pull origin master
 

	Updating 3852b4d..3e70b0f
	Fast-forward
 	yellow_octocat.txt |    1 +
 	1 file changed, 1 insertion(+)
 	create mode 100644 yellow_octocat.txt

	Success!

$ git diff HEAD
 

	diff --git a/octocat.txt b/octocat.txt
	index 7d8d808..e725ef6 100644
	--- a/octocat.txt
	+++ b/octocat.txt
	@@ -1 +1 @@
	-A Tale of Two Octocats
	+[mA Tale of Two Octocats and an Octodog

	Success!

$ git add octofamily/octodog.txt
 



	Success!

$ git diff --staged
 

	diff --git a/octofamily/octodog.txt b/octofamily/octodog.txt
	new file mode 100644
	index 0000000..cfbc74a
	--- /dev/null
	+++ b/octofamily/octodog.txt
	@@ -0,0 +1 @@
	+[mwoof
	
Success!

$ git reset octofamily/octodog.txt
 

Success!

$ git checkout --octocat.txt
 

unrecognized option `--octocat.txt'

$ git checkout -- octocat.txt
 



Success!

$ git branch clean_up
 



Success!

$ git checkout clean_up
 

Switched to branch 'clean_up'

Success!

$ git rm '*.txt'
 

rm 'blue_octocat.txt'
rm 'octocat.txt'
rm 'octofamily/baby_octocat.txt'
rm 'octofamily/momma_octocat.txt'
rm 'red_octocat.txt'

Success!

$ git commit -m "Remove all the cats"
 

[clean_up 63540fe] Remove all the cats
 5 files changed, 5 deletions(-)
 delete mode 100644 blue_octocat.txt
 delete mode 100644 octocat.txt
 delete mode 100644 octofamily/baby_octocat.txt
 delete mode 100644 octofamily/momma_octocat.txt
 delete mode 100644 red_octocat.txt

Success!

$ git checkout masteer
 error: pathspec 'masteer' did not match any file(s) known to git.

Woops! That's the wrong branch, use 'master' intead

$ git checkout master
 

Switched to branch 'master'

Success!

$ git merge clean_up
 

Updating 3852b4d..ec6888b
Fast-forward
 blue_octocat.txt             |    1 -
 octocat.txt                  |    1 -
 octofamily/baby_octocat.txt  |    1 -
 octofamily/momma_octocat.txt |    1 -
 red_octocat.txt              |    1 -
 5 files changed, 5 deletions(-)
 delete mode 100644 blue_octocat.txt
 delete mode 100644 octocat.txt
 delete mode 100644 octofamily/baby_octocat.txt
 delete mode 100644 octofamily/momma_octocat.txt
 delete mode 100644 red_octocat.txt

Success!

$ git branch -d clean_up
 

Deleted branch clean_up (was ec6888b).

Success!

$ git push
 

To https://github.com/try-git/try_git.git
   3e70b0f..4cba32c  master -> master

Success!

> git init
Close
Minimize
Maximize
